
Discarded input sections

 .group         0x0000000000000000        0x8 build/entry.o
 .group         0x0000000000000000        0x8 build/eflags.o
 .group         0x0000000000000000        0x8 build/eflags.o
 .text.__x86.get_pc_thunk.bx
                0x0000000000000000        0x4 build/eflags.o
 .group         0x0000000000000000        0x8 build/access.o
 .text.__x86.get_pc_thunk.bx
                0x0000000000000000        0x4 build/access.o
 .group         0x0000000000000000        0x8 build/mmu.o
 .group         0x0000000000000000        0x8 build/mmu.o
 .text.__x86.get_pc_thunk.ax
                0x0000000000000000        0x4 build/mmu.o
 .text.__x86.get_pc_thunk.bx
                0x0000000000000000        0x4 build/mmu.o
 .group         0x0000000000000000        0x8 build/prot.o
 .text.__x86.get_pc_thunk.ax
                0x0000000000000000        0x4 build/prot.o
 .group         0x0000000000000000        0x8 build/softfloat.o
 .group         0x0000000000000000        0x8 build/softfloat.o
 .group         0x0000000000000000        0x8 build/softfloat.o
 .group         0x0000000000000000        0x8 build/softfloat.o
 .group         0x0000000000000000        0x8 build/softfloat.o
 .text.__x86.get_pc_thunk.ax
                0x0000000000000000        0x4 build/softfloat.o
 .text.__x86.get_pc_thunk.bx
                0x0000000000000000        0x4 build/softfloat.o
 .group         0x0000000000000000        0x8 build/decoder.o
 .group         0x0000000000000000        0x8 build/decoder.o
 .group         0x0000000000000000        0x8 build/decoder.o
 .text.__x86.get_pc_thunk.ax
                0x0000000000000000        0x4 build/decoder.o
 .text.__x86.get_pc_thunk.dx
                0x0000000000000000        0x4 build/decoder.o
 .text.__x86.get_pc_thunk.bx
                0x0000000000000000        0x4 build/decoder.o
 .group         0x0000000000000000        0x8 build/seg.o
 .group         0x0000000000000000        0x8 build/seg.o
 .text.__x86.get_pc_thunk.ax
                0x0000000000000000        0x4 build/seg.o
 .text.__x86.get_pc_thunk.bx
                0x0000000000000000        0x4 build/seg.o
 .group         0x0000000000000000        0x8 build/trace.o
 .group         0x0000000000000000        0x8 build/trace.o
 .text.__x86.get_pc_thunk.ax
                0x0000000000000000        0x4 build/trace.o
 .text.__x86.get_pc_thunk.bx
                0x0000000000000000        0x4 build/trace.o
 .group         0x0000000000000000        0x8 build/smc.o
 .group         0x0000000000000000        0x8 build/smc.o
 .text.__x86.get_pc_thunk.ax
                0x0000000000000000        0x4 build/smc.o
 .text.__x86.get_pc_thunk.bx
                0x0000000000000000        0x4 build/smc.o
 .group         0x0000000000000000        0x8 build/cpu.o
 .group         0x0000000000000000        0x8 build/cpu.o
 .text.__x86.get_pc_thunk.ax
                0x0000000000000000        0x4 build/cpu.o
 .text.__x86.get_pc_thunk.bx
                0x0000000000000000        0x4 build/cpu.o
 .group         0x0000000000000000        0x8 build/fpu.o
 .group         0x0000000000000000        0x8 build/fpu.o
 .group         0x0000000000000000        0x8 build/fpu.o
 .group         0x0000000000000000        0x8 build/fpu.o
 .group         0x0000000000000000        0x8 build/fpu.o
 .text.__x86.get_pc_thunk.ax
                0x0000000000000000        0x4 build/fpu.o
 .text.__x86.get_pc_thunk.dx
                0x0000000000000000        0x4 build/fpu.o
 .text.__x86.get_pc_thunk.cx
                0x0000000000000000        0x4 build/fpu.o
 .text.__x86.get_pc_thunk.bx
                0x0000000000000000        0x4 build/fpu.o
 .text.__x86.get_pc_thunk.si
                0x0000000000000000        0x4 build/fpu.o
 .group         0x0000000000000000        0x8 build/opcodes.o
 .group         0x0000000000000000        0x8 build/opcodes.o
 .group         0x0000000000000000        0x8 build/opcodes.o
 .text.__x86.get_pc_thunk.ax
                0x0000000000000000        0x4 build/opcodes.o
 .text.__x86.get_pc_thunk.dx
                0x0000000000000000        0x4 build/opcodes.o
 .text.__x86.get_pc_thunk.bx
                0x0000000000000000        0x4 build/opcodes.o
 .group         0x0000000000000000        0x8 build/misc.o
 .group         0x0000000000000000        0x8 build/misc.o
 .text.__x86.get_pc_thunk.ax
                0x0000000000000000        0x4 build/misc.o
 .text.__x86.get_pc_thunk.bx
                0x0000000000000000        0x4 build/misc.o
 .group         0x0000000000000000        0x8 build/stack.o
 .text.__x86.get_pc_thunk.bx
                0x0000000000000000        0x4 build/stack.o
 .group         0x0000000000000000        0x8 build/simd.o
 .group         0x0000000000000000        0x8 build/simd.o
 .group         0x0000000000000000        0x8 build/simd.o
 .text.__x86.get_pc_thunk.ax
                0x0000000000000000        0x4 build/simd.o
 .text.__x86.get_pc_thunk.dx
                0x0000000000000000        0x4 build/simd.o
[...]
Memory Configuration

Name             Origin             Length             Attributes
*default*        0x0000000000000000 0xffffffffffffffff

Linker script and memory map

                0x00000000c0000000                . = 0xc0000000

.text           0x00000000c0000000    0x918eb
 *(.text)
 .text          0x00000000c0000000       0x61 build/entry.o
                0x00000000c0000000                entry
 .text          0x00000000c0000061     0x156f build/eflags.o
                0x00000000c0000061                cpu_get_sf
                0x00000000c0000091                cpu_set_sf
                0x00000000c00000e7                cpu_get_pf
                0x00000000c0000142                cpu_set_pf
                0x00000000c00001f0                cpu_get_of
                0x00000000c0000957                cpu_set_of
                0x00000000c00009dd                cpu_get_af
                0x00000000c0000bb9                cpu_set_af
                0x00000000c0000c3f                cpu_get_cf
                0x00000000c0001218                cpu_set_cf
                0x00000000c0001299                cpu_set_zf
                0x00000000c00012ca                cpu_get_eflags
                0x00000000c000134f                cpu_cond
                0x00000000c0001450                cpu_set_eflags
 .text          0x00000000c00015d0      0xe7d build/access.o
                0x00000000c00015d0                cpu_access_read8
                0x00000000c00016d4                cpu_access_read16
                0x00000000c000188f                cpu_access_read32
                0x00000000c0001a46                cpu_access_write8
                0x00000000c0001b52                cpu_access_write16
                0x00000000c0001ceb                cpu_access_write32
                0x00000000c0001e81                cpu_access_verify
                0x00000000c0001f36                read8
                0x00000000c000203a                read16
                0x00000000c0002143                read32
                0x00000000c0002248                readmem
                0x00000000c00022de                readphys
                0x00000000c000237b                lin2phys
 .text          0x00000000c000244d      0xe95 build/mmu.o
                0x00000000c000244d                cpu_mmu_tlb_flush
                0x00000000c0002518                cpu_mmu_tlb_flush_nonglobal
                0x00000000c000280c                cpu_read_phys
                0x00000000c00028dc                cpu_mmu_translate
                0x00000000c00032a0                cpu_mmu_tlb_invalidate
 .text          0x00000000c00032e2      0x219 build/prot.o
                0x00000000c00032e2                cpu_prot_set_cr
                0x00000000c00033be                cpu_prot_set_dr
                0x00000000c000348e                cpu_prot_update_cpl
 .text          0x00000000c00034fb    0x17bea build/softfloat.o
                0x00000000c0005a34                int32_to_float32
                0x00000000c0005a9f                int32_to_float64
                0x00000000c0005b38                int64_to_float32
                0x00000000c0005c5c                int64_to_float64
                0x00000000c0005d11                uint32_to_float32
                0x00000000c0005d66                uint32_to_float64
                0x00000000c0005ddf                uint64_to_float32
                0x00000000c0005ed4                uint64_to_float64
                0x00000000c0005f5f                float32_to_int32
                0x00000000c000602e                float32_to_int32_round_to_zero
                0x00000000c000612b                float32_to_uint32_round_to_zero
                0x00000000c0006219                float32_to_int64
                0x00000000c0006317                float32_to_int64_round_to_zero
                0x00000000c000647b                float32_to_uint64_round_to_zero
                0x00000000c00065cc                float32_to_uint64
                0x00000000c00066f9                float32_to_uint32
                0x00000000c000673c                float32_to_float64
                0x00000000c0006864                float32_round_to_int_with_scale
                0x00000000c0006a95                float32_frc
                0x00000000c0006c4c                float32_getexp
                0x00000000c0006d04                float32_getmant
                0x00000000c0006ecc                float32_scalef
                0x00000000c00078b3                float32_add
                0x00000000c0007913                float32_sub
                0x00000000c0007973                float32_mul
                0x00000000c0007ca9                float32_div
                0x00000000c000802c                float32_sqrt
                0x00000000c0008285                float32_class
                0x00000000c000831e                float32_compare_internal
                0x00000000c000844c                float32_min
                0x00000000c00084aa                float32_max
                0x00000000c0008508                float32_minmax
                0x00000000c0008708                float64_to_int32
                0x00000000c0008816                float64_to_int32_round_to_zero
                0x00000000c00089c3                float64_to_uint32_round_to_zero
                0x00000000c0008b45                float64_to_int64
                0x00000000c0008c8f                float64_to_int64_round_to_zero
                0x00000000c0008e83                float64_to_uint64_round_to_zero
                0x00000000c000904b                float64_to_uint32
                0x00000000c000909d                float64_to_uint64
                0x00000000c000921b                float64_to_float32
                0x00000000c0009394                float64_round_to_int_with_scale
                0x00000000c000975c                float64_frc
                0x00000000c00099e3                float64_getexp
                0x00000000c0009aff                float64_getmant
                0x00000000c0009d46                float64_scalef
                0x00000000c000ae9e                float64_add
                0x00000000c000af2e                float64_sub
                0x00000000c000afbe                float64_mul
                0x00000000c000b597                float64_div
                0x00000000c000bc01                float64_sqrt
                0x00000000c000c04d                float64_class
                0x00000000c000c15d                float64_compare_internal
                0x00000000c000c31b                float64_min
                0x00000000c000c3a9                float64_max
                0x00000000c000c437                float64_minmax
                0x00000000c000c711                int32_to_floatx80
                0x00000000c000c7c1                int64_to_floatx80
                0x00000000c000c88c                float32_to_floatx80
                0x00000000c000c9c8                float64_to_floatx80
                0x00000000c000cb58                floatx80_to_int32
                0x00000000c000cc5d                floatx80_to_int32_round_to_zero
                0x00000000c000cdf5                floatx80_to_int64
                0x00000000c000cf0a                floatx80_to_int64_round_to_zero
                0x00000000c000d0e6                floatx80_to_float32
                0x00000000c000d24c                floatx80_to_float64
                0x00000000c000d3bb                floatx80_round_to_int
                0x00000000c000e47d                floatx80_add
                0x00000000c000e514                floatx80_sub
                0x00000000c000e5ab                floatx80_mul
                0x00000000c000ea5f                floatx80_div
                0x00000000c000f24e                floatx80_sqrt
                0x00000000c000facc                floatx80_to_float128
                0x00000000c000fbe3                float128_to_floatx80
                0x00000000c000fe1d                floatx80_mul_with_float128
                0x00000000c00110b3                float128_add
                0x00000000c001115c                float128_sub
                0x00000000c0011205                float128_mul
                0x00000000c001195d                float128_div
                0x00000000c0012486                int64_to_float128
                0x00000000c00125c5                floatx80_to_int16
                0x00000000c0012640                floatx80_to_int16_round_to_zero
                0x00000000c00126bb                floatx80_extract
                0x00000000c001294e                floatx80_scale
                0x00000000c0012f20                floatx80_class
                0x00000000c001305a                floatx80_compare_internal
                0x00000000c00132ed                propagateFloat32NaN_two_args
                0x00000000c00133f3                propagateFloat64NaN_two_args
                0x00000000c00135cb                propagateFloatx80NaN_two_args
                0x00000000c00137bb                propagateFloat128NaN
                0x00000000c0013a45                roundAndPackInt32
                0x00000000c0013bb1                roundAndPackInt64
                0x00000000c0013db7                roundAndPackUint64
                0x00000000c0013fae                normalizeFloat16Subnormal
                0x00000000c0014004                roundAndPackFloat16
                0x00000000c0014237                normalizeFloat32Subnormal
                0x00000000c001427e                roundAndPackFloat32
                0x00000000c00144d5                normalizeRoundAndPackFloat32
                0x00000000c0014523                normalizeFloat64Subnormal
                0x00000000c0014589                roundAndPackFloat64
                0x00000000c001488b                normalizeRoundAndPackFloat64
                0x00000000c00148ff                normalizeFloatx80Subnormal
                0x00000000c001495d                SoftFloatRoundAndPackFloatx80
                0x00000000c001552c                roundAndPackFloatx80
                0x00000000c00156d7                normalizeRoundAndPackFloatx80
                0x00000000c00157b1                normalizeFloat128Subnormal
                0x00000000c00158dd                roundAndPackFloat128
                0x00000000c0015b8f                normalizeRoundAndPackFloat128
                0x00000000c0015e96                float32_muladd
                0x00000000c001661e                float64_muladd
                0x00000000c0017588                EvalPoly
                0x00000000c0017667                EvenPoly
                0x00000000c00176c9                OddPoly
                0x00000000c00179d1                fyl2x
                0x00000000c0018124                fyl2xp1
                0x00000000c0018e00                fsincos
                0x00000000c0019168                fsin
                0x00000000c0019198                fcos
                0x00000000c00191c8                ftan
                0x00000000c001a088                floatx80_ieee754_remainder
                0x00000000c001a0c2                floatx80_remainder
                0x00000000c001a138                fpatan
                0x00000000c001ad4d                f2xm1
 .text          0x00000000c001b0e5     0x8049 build/decoder.o
                0x00000000c0022c8b                cpu_decode
 .text          0x00000000c002312e      0xe26 build/seg.o
                0x00000000c0023263                cpu_load_csip_real
                0x00000000c00232d9                cpu_load_csip_virtual
                0x00000000c002334f                cpu_load_csip_protected
                0x00000000c00233d7                cpu_seg_load_virtual
                0x00000000c00234a3                cpu_seg_load_real
                0x00000000c002356f                cpu_seg_load_protected
                0x00000000c00237c8                cpu_seg_load_descriptor2
                0x00000000c0023986                cpu_seg_load_descriptor
                0x00000000c00239d6                cpu_seg_get_dpl
                0x00000000c00239fd                cpu_seg_get_base
                0x00000000c0023a3d                cpu_seg_get_limit
                0x00000000c0023a87                cpu_seg_gate_target_segment
                0x00000000c0023a9e                cpu_seg_gate_target_offset
                0x00000000c0023af8                cpu_seg_gate_parameter_count
                0x00000000c0023b10                cpu_seg_descriptor_address
                0x00000000c0023b92                cpu_load_seg_value_mov
 .text          0x00000000c0023f54      0x3cc build/trace.o
                0x00000000c0023f69                cpu_trace_flush
                0x00000000c0023fc8                cpu_trace_get_entry
                0x00000000c0024015                cpu_get_trace
 .text          0x00000000c0024320      0x544 build/smc.o
                0x00000000c0024320                cpu_smc_page_has_code
                0x00000000c0024365                cpu_smc_has_code
                0x00000000c00243cb                cpu_smc_set_code
                0x00000000c002444c                cpu_smc_invalidate
                0x00000000c00246b0                cpu_smc_invalidate_page
 .text          0x00000000c0024864     0x1268 build/cpu.o
                0x00000000c0024864                cpu_set_a20
                0x00000000c00248c0                cpu_init_mem
                0x00000000c00249ae                cpu_interrupts_masked
                0x00000000c00249ce                cpu_get_cycles
                0x00000000c0024a14                cpu_run
                0x00000000c0024c6a                cpu_raise_intr_line
                0x00000000c0024c8a                cpu_lower_intr_line
                0x00000000c0024caa                cpu_request_fast_return
                0x00000000c0024d49                cpu_cancel_execution_cycle
                0x00000000c0024dec                cpu_get_ram_ptr
                0x00000000c0024e07                cpu_add_rom
                0x00000000c0024e90                cpu_get_exit_reason
                0x00000000c0024eab                cpu_set_break
                0x00000000c0024ebb                cpu_reset
                0x00000000c0025102                cpu_apic_connected
                0x00000000c002576e                cpu_init
                0x00000000c00257e0                cpu_init_dma
                0x00000000c0025807                cpu_write_mem
                0x00000000c00258d1                cpu_debug
 .text          0x00000000c0025acc     0xa849 build/fpu.o
                0x00000000c0025fcb                is_negative
                0x00000000c00297cd                fpu_reg_op
                0x00000000c002bb62                fpu_mem_op
                0x00000000c002e272                fpu_fxsave
                0x00000000c002f13d                fpu_fxrstor
                0x00000000c002fed2                fpu_fwait
                0x00000000c002ff46                fpu_init
                0x00000000c002ff71                f80_to_double
                0x00000000c003005c                fpu_debug
                0x00000000c0030292                printFloat80
                0x00000000c0030300                fpu_get_st_ptr1
 .text          0x00000000c0030315    0x1b3e0 build/opcodes.o
                0x00000000c0030512                cpu_execute
                0x00000000c003056a                op_fatal_error
                0x00000000c00305cb                op_ud_exception
                0x00000000c003060d                op_trace_end
                0x00000000c0030641                op_nop
                0x00000000c0030679                op_jmp_r16
                0x00000000c003073c                op_jmp_r32
                0x00000000c00307fb                op_jmp_e16
                0x00000000c003094d                op_jmp_e32
                0x00000000c0030a9e                op_call_r16
                0x00000000c0030b71                op_call_r32
                0x00000000c0030c40                op_call_e16
                0x00000000c0030de9                op_call_e32
                0x00000000c0030f91                op_jmp_rel32
                0x00000000c0030fd9                op_jmp_rel16
                0x00000000c003104f                op_jmpf
                0x00000000c00310d1                op_jmpf_e16
                0x00000000c003132c                op_jmpf_e32
                0x00000000c0031575                op_callf16_ap
                0x00000000c0031604                op_callf32_ap
                0x00000000c003168f                op_callf_e16
                0x00000000c00318e9                op_callf_e32
                0x00000000c0031b31                op_retf16
                0x00000000c0031b87                op_retf32
                0x00000000c0031bdd                op_iret16
                0x00000000c0031c4e                op_iret32
                0x00000000c0031cbf                op_loop_rel16
                0x00000000c0031da3                op_loop_rel32
                0x00000000c0031e59                op_loopz_rel16
                0x00000000c0031f4f                op_loopz_rel32
                0x00000000c0032017                op_loopnz_rel16
                0x00000000c003210d                op_loopnz_rel32
                0x00000000c00321d5                op_jecxz_rel16
                0x00000000c003228d                op_jecxz_rel32
                0x00000000c0032317                op_jo16
                0x00000000c00323c4                op_jo32
                0x00000000c0032443                op_jno16
                0x00000000c00324f0                op_jno32
                0x00000000c003256f                op_jb16
                0x00000000c003261c                op_jb32
                0x00000000c003269b                op_jnb16
                0x00000000c0032748                op_jnb32
                0x00000000c00327c7                op_jz16
                0x00000000c003287e                op_jz32
                0x00000000c0032907                op_jnz16
                0x00000000c00329be                op_jnz32
                0x00000000c0032a47                op_jbe16
                0x00000000c0032b06                op_jbe32
                0x00000000c0032b97                op_jnbe16
                0x00000000c0032c56                op_jnbe32
                0x00000000c0032ce7                op_js16
                0x00000000c0032d94                op_js32
                0x00000000c0032e13                op_jns16
                0x00000000c0032ec0                op_jns32
                0x00000000c0032f3f                op_jp16
                0x00000000c0032fec                op_jp32
                0x00000000c003306b                op_jnp16
                0x00000000c0033118                op_jnp32
                0x00000000c0033197                op_jl16
                0x00000000c003324e                op_jl32
                0x00000000c00332d7                op_jnl16
                0x00000000c003338e                op_jnl32
                0x00000000c0033417                op_jle16
                0x00000000c00334e0                op_jle32
                0x00000000c003357b                op_jnle16
                0x00000000c0033644                op_jnle32
                0x00000000c00336df                op_call_j16
                0x00000000c003378a                op_call_j32
                0x00000000c003382d                op_ret16
                0x00000000c00338c5                op_ret32
                0x00000000c0033959                op_ret16_iw
                0x00000000c0033a47                op_ret32_iw
                0x00000000c0033b31                op_int
                0x00000000c0033bae                op_into
                0x00000000c0033be7                op_push_r16
                0x00000000c0033c78                op_push_i16
                0x00000000c0033cfb                op_push_e16
                0x00000000c0033e68                op_push_r32
                0x00000000c0033ef5                op_push_i32
                0x00000000c0033f74                op_push_e32
                0x00000000c00340d9                op_pop_r16
                0x00000000c0034176                op_pop_e16
                0x00000000c0034317                op_pop_e32
                0x00000000c00344b3                op_pop_r32
                0x00000000c003454e                op_push_s16
                0x00000000c00345e6                op_push_s32
                0x00000000c003476c                op_pop_s16
                0x00000000c0034956                op_pop_s32
                0x00000000c0034b40                op_pusha
                0x00000000c0034bac                op_pushad
                0x00000000c0034c18                op_popa
                0x00000000c0034c84                op_popad
                0x00000000c0034cf0                op_arith_r8r8
                0x00000000c0034d7d                op_arith_r8i8
                0x00000000c0034dfc                op_arith_r8e8
                0x00000000c0034f5c                op_arith_e8r8
                0x00000000c00350fe                op_arith_e8i8
                0x00000000c0035284                op_arith_r16r16
                0x00000000c0035313                op_arith_r16i16
                0x00000000c0035394                op_arith_r16e16
                0x00000000c00354fe                op_arith_e16r16
                0x00000000c00356a3                op_arith_e16i16
                0x00000000c003582c                op_arith_r32r32
                0x00000000c00358b8                op_arith_r32i32
                0x00000000c0035936                op_arith_r32e32
                0x00000000c0035a99                op_arith_e32r32
                0x00000000c0035c36                op_arith_e32i32
                0x00000000c0035db7                op_shift_r8cl
                0x00000000c0035e3b                op_shift_r8i8
                0x00000000c0035eba                op_shift_e8cl
                0x00000000c003604a                op_shift_e8i8
                0x00000000c00361d0                op_shift_r16cl
                0x00000000c0036256                op_shift_r16i16
                0x00000000c00362d7                op_shift_e16cl
                0x00000000c003646a                op_shift_e16i16
                0x00000000c00365f3                op_shift_r32cl
                0x00000000c003667a                op_shift_r32i32
                0x00000000c00366fc                op_shift_e32cl
                0x00000000c003688f                op_shift_e32i32
                0x00000000c0036a18                op_cmp_e8r8
                0x00000000c0036ba8                op_cmp_r8r8
                0x00000000c0036c64                op_cmp_r8e8
                0x00000000c0036de2                op_cmp_r8i8
                0x00000000c0036e90                op_cmp_e8i8
                0x00000000c0037012                op_cmp_e16r16
                0x00000000c00371a7                op_cmp_r16r16
                0x00000000c0037263                op_cmp_r16e16
                0x00000000c00373e7                op_cmp_r16i16
                0x00000000c0037495                op_cmp_e16i16
                0x00000000c003761c                op_cmp_e32r32
                0x00000000c00377a4                op_cmp_r32r32
                0x00000000c0037854                op_cmp_r32e32
                0x00000000c00379cd                op_cmp_r32i32
                0x00000000c0037a6d                op_cmp_e32i32
                0x00000000c0037be5                op_test_e8r8
                0x00000000c0037d51                op_test_r8r8
                0x00000000c0037dea                op_test_r8e8
                0x00000000c0037f56                op_test_r8i8
                0x00000000c0037fdd                op_test_e8i8
                0x00000000c0038138                op_test_e16r16
                0x00000000c00382aa                op_test_r16r16
                0x00000000c0038343                op_test_r16e16
                0x00000000c00384b5                op_test_r16i16
                0x00000000c003853c                op_test_e16i16
                0x00000000c00386a0                op_test_e32r32
                0x00000000c0038808                op_test_r32r32
                0x00000000c003889a                op_test_r32e32
                0x00000000c0038a02                op_test_r32i32
                0x00000000c0038a86                op_test_e32i32
                0x00000000c0038bdd                op_inc_r8
                0x00000000c0038c47                op_inc_e8
                0x00000000c0038da2                op_inc_r16
                0x00000000c0038e0e                op_inc_e16
                0x00000000c0038f6c                op_inc_r32
                0x00000000c0038fd9                op_inc_e32
                0x00000000c0039137                op_dec_r8
                0x00000000c00391a1                op_dec_e8
                0x00000000c00392fc                op_dec_r16
                0x00000000c0039368                op_dec_e16
                0x00000000c00394c6                op_dec_r32
                0x00000000c0039533                op_dec_e32
                0x00000000c0039691                op_not_r8
                0x00000000c0039706                op_not_e8
                0x00000000c0039861                op_not_r16
                0x00000000c00398d7                op_not_e16
                0x00000000c0039a35                op_not_r32
                0x00000000c0039aa9                op_not_e32
                0x00000000c0039c07                op_neg_r8
                0x00000000c0039c77                op_neg_e8
                0x00000000c0039dd2                op_neg_r16
                0x00000000c0039e44                op_neg_e16
                0x00000000c0039fa2                op_neg_r32
                0x00000000c003a015                op_neg_e32
                0x00000000c003a173                op_muldiv_r8
                0x00000000c003a20e                op_muldiv_e8
                0x00000000c003a37f                op_muldiv_r16
                0x00000000c003a41a                op_muldiv_e16
                0x00000000c003a590                op_muldiv_r32
                0x00000000c003a627                op_muldiv_e32
                0x00000000c003a798                op_imul_r16r16i16
                0x00000000c003a82e                op_imul_r16e16i16
                0x00000000c003a99c                op_imul_r32r32i32
                0x00000000c003aa29                op_imul_r32e32i32
                0x00000000c003ab8a                op_imul_r16r16
                0x00000000c003ac2e                op_imul_r32r32
                0x00000000c003acc9                op_imul_r16e16
                0x00000000c003ae45                op_imul_r32e32
                0x00000000c003afb7                op_shrd_r16r16i8
                0x00000000c003b04a                op_shrd_r32r32i8
                0x00000000c003b0da                op_shrd_r16r16cl
                0x00000000c003b172                op_shrd_r32r32cl
                0x00000000c003b207                op_shrd_e16r16i8
                0x00000000c003b3ae                op_shrd_e32r32i8
                0x00000000c003b54d                op_shrd_e16r16cl
                0x00000000c003b6fe                op_shrd_e32r32cl
                0x00000000c003b8a7                op_shld_r16r16i8
                0x00000000c003b93a                op_shld_r32r32i8
                0x00000000c003b9ca                op_shld_r16r16cl
                0x00000000c003ba62                op_shld_r32r32cl
                0x00000000c003baf7                op_shld_e16r16i8
                0x00000000c003bc9e                op_shld_e32r32i8
                0x00000000c003be3d                op_shld_e16r16cl
                0x00000000c003bfee                op_shld_e32r32cl
                0x00000000c003c197                op_out_i8al
                0x00000000c003c23a                op_out_i8ax
                0x00000000c003c2dd                op_out_i8eax
                0x00000000c003c37c                op_in_i8al
                0x00000000c003c41c                op_in_i8ax
                0x00000000c003c4bd                op_in_i8eax
                0x00000000c003c55e                op_out_dxal
                0x00000000c003c606                op_out_dxax
                0x00000000c003c6ae                op_out_dxeax
                0x00000000c003c752                op_in_dxal
                0x00000000c003c7f7                op_in_dxax
                0x00000000c003c89d                op_in_dxeax
                0x00000000c003c943                op_mov_r8i8
                0x00000000c003c9a8                op_mov_r16i16
                0x00000000c003ca0e                op_mov_r32i32
                0x00000000c003ca72                op_mov_r8e8
                0x00000000c003cbc6                op_mov_r8r8
                0x00000000c003cc3c                op_mov_e8r8
                0x00000000c003cd75                op_mov_e8i8
                0x00000000c003cea0                op_mov_r16e16
                0x00000000c003cff9                op_mov_r16r16
                0x00000000c003d070                op_mov_e16r16
                0x00000000c003d1ad                op_mov_e16i16
                0x00000000c003d2dc                op_mov_r32e32
                0x00000000c003d432                op_mov_r32r32
                0x00000000c003d4a7                op_mov_e32r32
                0x00000000c003d5df                op_mov_e32i32
                0x00000000c003d709                op_mov_s16r16
                0x00000000c003d7b4                op_mov_s16e16
                0x00000000c003d93b                op_mov_e16s16
                0x00000000c003da7f                op_mov_r16s16
                0x00000000c003dafd                op_mov_r32s16
                0x00000000c003db78                op_mov_eaxm32
                0x00000000c003dcc6                op_mov_axm16
                0x00000000c003de17                op_mov_alm8
                0x00000000c003df63                op_mov_m32eax
                0x00000000c003e09d                op_mov_m16ax
                0x00000000c003e1dc                op_mov_m8al
                0x00000000c003e317                op_cmov_r16e16
                0x00000000c003e484                op_cmov_r16r16
                0x00000000c003e517                op_cmov_r32e32
                0x00000000c003e681                op_cmov_r32r32
                0x00000000c003e712                op_setcc_e8
                0x00000000c003e849                op_setcc_r8
                0x00000000c003e8bf                op_lea_r16e16
                0x00000000c003e92f                op_lea_r32e32
                0x00000000c003e9a3                op_lds_r16e16
                0x00000000c003ec0b                op_lds_r32e32
                0x00000000c003ee70                op_les_r16e16
                0x00000000c003f0d8                op_les_r32e32
                0x00000000c003f33d                op_lss_r16e16
                0x00000000c003f5a5                op_lss_r32e32
                0x00000000c003f80a                op_lfs_r16e16
                0x00000000c003fa72                op_lfs_r32e32
                0x00000000c003fcd7                op_lgs_r16e16
                0x00000000c003ff3f                op_lgs_r32e32
                0x00000000c00401a4                op_xchg_r8r8
                0x00000000c004024c                op_xchg_r16r16
                0x00000000c00402f7                op_xchg_r32r32
                0x00000000c004039c                op_xchg_r8e8
                0x00000000c0040537                op_xchg_r16e16
                0x00000000c00406ec                op_xchg_r32e32
                0x00000000c0040896                op_cmpxchg_r8r8
                0x00000000c0040919                op_cmpxchg_e8r8
                0x00000000c0040aa7                op_cmpxchg_r16r16
                0x00000000c0040b2c                op_cmpxchg_e16r16
                0x00000000c0040cbd                op_cmpxchg_r32r32
                0x00000000c0040d3f                op_cmpxchg_e32r32
                0x00000000c0040ec8                op_cmpxchg8b_e32
                0x00000000c00412e1                op_xadd_r8r8
                0x00000000c004135f                op_xadd_r8e8
                0x00000000c00414e2                op_xadd_r16r16
                0x00000000c0041564                op_xadd_r16e16
                0x00000000c00416ee                op_xadd_r32r32
                0x00000000c0041772                op_xadd_r32e32
                0x00000000c00418fe                op_bound_r16e16
                0x00000000c0041b70                op_bound_r32e32
                0x00000000c0041dd6                op_daa
                0x00000000c0041ec5                op_das
                0x00000000c0041fbe                op_aaa
                0x00000000c00420aa                op_aas
                0x00000000c00421b5                op_aam
                0x00000000c004229e                op_aad
                0x00000000c004234c                op_bt_r16
                0x00000000c00423e9                op_bts_r16
                0x00000000c0042483                op_btc_r16
                0x00000000c004251d                op_btr_r16
                0x00000000c00425b7                op_bt_r32
                0x00000000c004264d                op_bts_r32
                0x00000000c00426e5                op_btc_r32
                0x00000000c004277d                op_btr_r32
                0x00000000c0042815                op_bt_e16
                0x00000000c00429a1                op_bt_e32
                0x00000000c0042b25                op_bts_e16
                0x00000000c0042ccf                op_btc_e16
                0x00000000c0042e79                op_btr_e16
                0x00000000c0043023                op_bts_e32
                0x00000000c00431ca                op_btc_e32
                0x00000000c0043371                op_btr_e32
                0x00000000c0043518                op_bsf_r16r16
                0x00000000c00435bc                op_bsf_r16e16
                0x00000000c004373c                op_bsf_r32r32
                0x00000000c00437d7                op_bsf_r32e32
                0x00000000c004394b                op_bsr_r16r16
                0x00000000c00439ef                op_bsr_r16e16
                0x00000000c0043b6f                op_bsr_r32r32
                0x00000000c0043c0a                op_bsr_r32e32
                0x00000000c0043d7e                op_cli
                0x00000000c0043e6e                op_sti
                0x00000000c0043f7e                op_cld
                0x00000000c0043fd5                op_std
                0x00000000c004402c                op_cmc
                0x00000000c0044080                op_clc
                0x00000000c00440cd                op_stc
                0x00000000c004411a                op_hlt
                0x00000000c004428b                op_cpuid
                0x00000000c00442d0                op_rdmsr
                0x00000000c0044360                op_wrmsr
                0x00000000c00443f0                op_rdtsc
                0x00000000c00444e7                op_pushf
                0x00000000c004454e                op_pushfd
                0x00000000c00445b5                op_popf
                0x00000000c004461c                op_popfd
                0x00000000c0044683                op_cbw
                0x00000000c00446d7                op_cwde
                0x00000000c0044729                op_cwd
                0x00000000c004477e                op_cdq
                0x00000000c00447d0                op_lahf
                0x00000000c0044822                op_sahf
                0x00000000c0044886                op_enter16
                0x00000000c0044b2c                op_enter32
                0x00000000c0044dc1                op_leave16
                0x00000000c0044f65                op_leave32
                0x00000000c0045106                op_sgdt_e32
                0x00000000c0045312                op_sidt_e32
                0x00000000c004551e                op_str_sldt_e16
                0x00000000c00456c2                op_str_sldt_r16
                0x00000000c00457cc                op_lgdt_e16
                0x00000000c0045a50                op_lgdt_e32
                0x00000000c0045ccd                op_lidt_e16
                0x00000000c0045f51                op_lidt_e32
                0x00000000c00461ce                op_smsw_r16
                0x00000000c0046239                op_smsw_r32
                0x00000000c00462a3                op_smsw_e16
                0x00000000c00463d6                op_lmsw_r16
                0x00000000c00464a6                op_lmsw_e16
                0x00000000c0046652                op_invlpg_e8
                0x00000000c00466fc                op_mov_r32cr
                0x00000000c004679a                op_mov_crr32
                0x00000000c0046830                op_mov_r32dr
                0x00000000c00468a9                op_mov_drr32
                0x00000000c004691e                op_ltr_e16
                0x00000000c0046b2d                op_ltr_r16
                0x00000000c0046c5b                op_lldt_e16
                0x00000000c0046e6a                op_lldt_r16
                0x00000000c0046f98                op_lar_r16e16
                0x00000000c0047174                op_lar_r32e32
                0x00000000c0047349                op_lar_r16r16
                0x00000000c0047444                op_lar_r32r32
                0x00000000c004753e                op_lsl_r16e16
                0x00000000c004771a                op_lsl_r32e32
                0x00000000c00478ef                op_lsl_r16r16
                0x00000000c00479ea                op_lsl_r32r32
                0x00000000c0047ae4                op_arpl_e16
                0x00000000c0047cd4                op_arpl_r16
                0x00000000c0047db2                op_verr_e16
                0x00000000c0047f5d                op_verr_r16
                0x00000000c0048027                op_verw_e16
                0x00000000c00481d2                op_verw_r16
                0x00000000c004829c                op_clts
                0x00000000c004833d                op_wbinvd
                0x00000000c00483bf                op_prefetchh
                0x00000000c00483f7                op_movzx_r16r8
                0x00000000c004846c                op_movzx_r32r8
                0x00000000c00484e0                op_movzx_r32r16
                0x00000000c0048553                op_movzx_r16e8
                0x00000000c00486a7                op_movzx_r32e8
                0x00000000c00487fc                op_movzx_r32e16
                0x00000000c0048954                op_movsx_r16r8
                0x00000000c00489d0                op_movsx_r32r8
                0x00000000c0048a4a                op_movsx_r32r16
                0x00000000c0048ac4                op_movsx_r16e8
                0x00000000c0048c1b                op_movsx_r32e8
                0x00000000c0048d70                op_movsx_r32e16
                0x00000000c0048ec6                op_xlat16
                0x00000000c0049038                op_xlat32
                0x00000000c00491a1                op_bswap_r16
                0x00000000c00491fc                op_bswap_r32
                0x00000000c00492a3                op_fpu_mem
                0x00000000c004933d                op_fpu_reg
                0x00000000c00493be                op_fwait
                0x00000000c0049467                op_sysenter
                0x00000000c00494aa                op_sysexit
                0x00000000c00494ed                op_sse_10_17
                0x00000000c0049562                op_sse_28_2F
                0x00000000c00495d7                op_sse_38
                0x00000000c004964c                op_sse_6638
                0x00000000c00496c1                op_sse_50_57
                0x00000000c0049736                op_sse_58_5F
                0x00000000c00497ab                op_sse_60_67
                0x00000000c0049820                op_sse_68_6F
                0x00000000c0049895                op_sse_70_76
                0x00000000c004990a                op_sse_7C_7D
                0x00000000c004997f                op_sse_7E_7F
                0x00000000c00499f4                op_sse_C2_C6
                0x00000000c0049a69                op_sse_D0_D7
                0x00000000c0049ade                op_sse_D8_DF
                0x00000000c0049b53                op_sse_E0_E7
                0x00000000c0049bc8                op_sse_E8_EF
                0x00000000c0049c3d                op_sse_F1_F7
                0x00000000c0049cb2                op_sse_F8_FE
                0x00000000c0049d27                op_ldmxcsr
                0x00000000c0049edc                op_stmxcsr
                0x00000000c004a03b                op_mfence
                0x00000000c004a076                op_fxsave
                0x00000000c004a102                op_fxrstor
                0x00000000c004a18e                op_emms
                0x00000000c004a1f5                op_movsb16
                0x00000000c004a275                op_movsb32
                0x00000000c004a2f5                op_movsw16
                0x00000000c004a375                op_movsw32
                0x00000000c004a3f5                op_movsd16
                0x00000000c004a475                op_movsd32
                0x00000000c004a4f5                op_stosb16
                0x00000000c004a575                op_stosb32
                0x00000000c004a5f5                op_stosw16
                0x00000000c004a675                op_stosw32
                0x00000000c004a6f5                op_stosd16
                0x00000000c004a775                op_stosd32
                0x00000000c004a7f5                op_scasb16
                0x00000000c004a875                op_scasb32
                0x00000000c004a8f5                op_scasw16
                0x00000000c004a975                op_scasw32
                0x00000000c004a9f5                op_scasd16
                0x00000000c004aa75                op_scasd32
                0x00000000c004aaf5                op_insb16
                0x00000000c004ab75                op_insb32
                0x00000000c004abf5                op_insw16
                0x00000000c004ac75                op_insw32
                0x00000000c004acf5                op_insd16
                0x00000000c004ad75                op_insd32
                0x00000000c004adf5                op_outsb16
                0x00000000c004ae75                op_outsb32
                0x00000000c004aef5                op_outsw16
                0x00000000c004af75                op_outsw32
                0x00000000c004aff5                op_outsd16
                0x00000000c004b075                op_outsd32
                0x00000000c004b0f5                op_cmpsb16
                0x00000000c004b175                op_cmpsb32
                0x00000000c004b1f5                op_cmpsw16
                0x00000000c004b275                op_cmpsw32
                0x00000000c004b2f5                op_cmpsd16
                0x00000000c004b375                op_cmpsd32
                0x00000000c004b3f5                op_lodsb16
                0x00000000c004b475                op_lodsb32
                0x00000000c004b4f5                op_lodsw16
                0x00000000c004b575                op_lodsw32
                0x00000000c004b5f5                op_lodsd16
                0x00000000c004b675                op_lodsd32
 .text          0x00000000c004b6f5     0x17f4 build/misc.o
                0x00000000c004b6f5                cpu_set_cpuid
                0x00000000c004b715                cpuid
                0x00000000c004bcea                rdmsr
                0x00000000c004bf69                wrmsr
                0x00000000c004c290                pushf
                0x00000000c004c365                pushfd
                0x00000000c004c3db                popf
                0x00000000c004c606                popfd
                0x00000000c004c7d1                ltr
                0x00000000c004c9bd                lldt
                0x00000000c004cb2d                lar
                0x00000000c004cc22                lsl
                0x00000000c004cd63                verify_segment_access
                0x00000000c004ce77                arpl
 .text          0x00000000c004cee9      0xbc6 build/stack.o
                0x00000000c004cee9                cpu_push16
                0x00000000c004d00d                cpu_push32
                0x00000000c004d130                cpu_pop16
                0x00000000c004d26c                cpu_pop16_dest32
                0x00000000c004d3a7                cpu_pop32
                0x00000000c004d4de                cpu_pusha
                0x00000000c004d633                cpu_pushad
                0x00000000c004d783                cpu_popa
                0x00000000c004d91e                cpu_popad
 .text          0x00000000c004daaf     0xb35a build/simd.o
                0x00000000c004e011                cpu_sse_exception
                0x00000000c004e0b6                cpu_mmx_check
                0x00000000c004e151                cpu_update_mxcsr
                0x00000000c004e1fc                cpu_sse_handle_exceptions
                0x00000000c0050dbf                execute_0F10_17
                0x00000000c0051559                execute_0F28_2F
                0x00000000c0051e98                execute_0F50_57
                0x00000000c005273b                execute_0F68_6F
                0x00000000c0052e0c                execute_0FE8_EF
                0x00000000c0053677                execute_0F70_76
                0x00000000c0053c0b                execute_0F60_67
                0x00000000c005420e                execute_0FD0_D7
                0x00000000c005495a                execute_0FD8_DF
                0x00000000c0055011                execute_0F7E_7F
                0x00000000c00553c8                execute_0FF8_FE
                0x00000000c00559ac                execute_0FC2_C6
                0x00000000c0056137                execute_0F58_5F
                0x00000000c0057585                execute_0FE0_E7
                0x00000000c0057e34                execute_0FF1_F7
                0x00000000c0058659                cpu_emms
                0x00000000c0058691                execute_0F7C_7D
                0x00000000c0058989                execute_0F38
                0x00000000c0058bcb                execute_660F38
 .text          0x00000000c0058e09      0x3f7 build/cpu_io.o
                0x00000000c0058e09                cpu_io_check_access
                0x00000000c00590f3                cpu_outb
                0x00000000c0059121                cpu_outw
                0x00000000c005914f                cpu_outd
                0x00000000c0059179                cpu_inb
                0x00000000c00591a6                cpu_inw
                0x00000000c00591d4                cpu_ind
 .text          0x00000000c0059200      0x3e3 build/bit.o
                0x00000000c0059200                bt16
                0x00000000c005923f                bt32
                0x00000000c0059276                bts16
                0x00000000c00592d4                bts32
                0x00000000c0059328                btc16
                0x00000000c0059386                btc32
                0x00000000c00593da                btr16
                0x00000000c005943a                btr32
                0x00000000c0059490                bsf16
                0x00000000c00594e7                bsf32
                0x00000000c005953e                bsr16
                0x00000000c005959a                bsr32
 .text          0x00000000c00595e3     0xac85 build/ctrlflow.o
                0x00000000c005b8d4                cpu_interrupt
                0x00000000c005e24c                cpu_exception
                0x00000000c005e3b1                jmpf
                0x00000000c005ead4                callf
                0x00000000c006090f                iret
                0x00000000c0062e87                retf
                0x00000000c0063ec0                sysenter
                0x00000000c006408f                sysexit
 .text          0x00000000c0064268     0x2b37 build/arith.o
                0x00000000c0064268                cpu_arith8
                0x00000000c00644f5                cpu_arith16
                0x00000000c006478e                cpu_arith32
                0x00000000c00649ce                cpu_shift8
                0x00000000c0064eb5                cpu_shift16
                0x00000000c00653c2                cpu_shift32
                0x00000000c00657e6                cpu_muldiv8
                0x00000000c0065a38                cpu_muldiv16
                0x00000000c0065ccf                cpu_muldiv32
                0x00000000c006601e                cpu_neg8
                0x00000000c006607f                cpu_neg16
                0x00000000c00660e1                cpu_neg32
                0x00000000c0066138                cpu_shrd16
                0x00000000c0066232                cpu_shrd32
                0x00000000c00662cd                cpu_shld16
                0x00000000c00663c9                cpu_shld32
                0x00000000c006646a                cpu_inc8
                0x00000000c0066503                cpu_inc16
                0x00000000c006659d                cpu_inc32
                0x00000000c006662f                cpu_dec8
                0x00000000c00666c8                cpu_dec16
                0x00000000c0066762                cpu_dec32
                0x00000000c00667f4                cpu_not8
                0x00000000c0066813                cpu_not16
                0x00000000c0066833                cpu_not32
                0x00000000c0066851                cpu_imul8
                0x00000000c00668ec                cpu_imul16
                0x00000000c0066985                cpu_imul32
                0x00000000c0066a2e                cpu_cmpxchg8
                0x00000000c0066adb                cpu_cmpxchg16
                0x00000000c0066b8b                cpu_cmpxchg32
                0x00000000c0066c20                xadd8
                0x00000000c0066ca2                xadd16
                0x00000000c0066d26                xadd32
 .text          0x00000000c0066d9f     0xb02b build/string.o
                0x00000000c0066d9f                movsb16
                0x00000000c0067237                movsb32
                0x00000000c00676a7                movsw16
                0x00000000c0067b4d                movsw32
                0x00000000c0067fcb                movsd16
                0x00000000c0068467                movsd32
                0x00000000c00688db                stosb16
                0x00000000c0068b82                stosb32
                0x00000000c0068e11                stosw16
                0x00000000c00690c0                stosw32
                0x00000000c0069357                stosd16
                0x00000000c0069600                stosd32
                0x00000000c0069891                scasb16
                0x00000000c0069de1                scasb32
                0x00000000c006a30d                scasw16
                0x00000000c006a872                scasw32
                0x00000000c006adb3                scasd16
                0x00000000c006b2f1                scasd32
                0x00000000c006b80b                insb16
                0x00000000c006bb08                insb32
                0x00000000c006bded                insw16
                0x00000000c006c0f2                insw32
                0x00000000c006c3df                insd16
                0x00000000c006c6e2                insd32
                0x00000000c006c9cd                outsb16
                0x00000000c006ccf6                outsb32
                0x00000000c006d007                outsw16
                0x00000000c006d336                outsw32
                0x00000000c006d64d                outsd16
                0x00000000c006d974                outsd32
                0x00000000c006dc83                cmpsb16
                0x00000000c006e4ad                cmpsb32
                0x00000000c006ec9b                cmpsw16
                0x00000000c006f4e8                cmpsw32
                0x00000000c006fcf9                cmpsd16
                0x00000000c0070518                cmpsd32
                0x00000000c0070cfb                lodsb16
                0x00000000c0070fd1                lodsb32
                0x00000000c007128c                lodsw16
                0x00000000c007156c                lodsw32
                0x00000000c0071831                lodsd16
                0x00000000c0071b0b                lodsd32
 .text          0x00000000c0071dca     0x1191 build/dma.o
                0x00000000c0072a47                dma_raise_dreq
                0x00000000c0072e3d                dma_init
 .text          0x00000000c0072f5b     0x13e9 build/apic.o
                0x00000000c0073413                apic_get_interrupt
                0x00000000c00734fc                apic_has_interrupt
                0x00000000c0073511                apic_receive_bus_message
                0x00000000c00740c4                apic_next
                0x00000000c00742db                apic_init
                0x00000000c007432f                apic_is_enabled
 .text          0x00000000c0074344      0xbef build/acpi.o
                0x00000000c0074c04                acpi_next
                0x00000000c0074e64                acpi_init
 .text          0x00000000c0074f33     0x6f4a build/ide.o
                0x00000000c007a396                drive_debug
                0x00000000c007b74b                ide_write_prdt
                0x00000000c007ba47                ide_read_prdt
                0x00000000c007baf4                ide_init
 .text          0x00000000c007be7d     0x103a build/pic.o
                0x00000000c007c6b9                pic_get_interrupt
                0x00000000c007c7ea                pic_raise_irq
                0x00000000c007c869                pic_lower_irq
                0x00000000c007cdbf                pic_init
 .text          0x00000000c007ceb7     0x147f build/kbd.o
                0x00000000c007dfe9                kbd_init
                0x00000000c007e08d                kbd_add_key
                0x00000000c007e20a                kbd_mouse_down
                0x00000000c007e2cd                kbd_send_mouse_move
 .text          0x00000000c007e336     0x2743 build/fdc.o
                0x00000000c007fece                floppy_next
                0x00000000c007fef1                fdc_dma_buf
                0x00000000c007ff06                fdc_dma_complete
                0x00000000c008021c                fdc_replace_drive
                0x00000000c008025a                fdc_init
 .text          0x00000000c0080a79     0x11a9 build/pit.o
                0x00000000c0081a25                pit_next
                0x00000000c0081b7e                pit_init
 .text          0x00000000c0081c22      0x8ba build/ioapic.o
                0x00000000c00821cf                ioapic_raise_irq
                0x00000000c0082314                ioapic_remote_eoi
                0x00000000c0082385                ioapic_lower_irq
                0x00000000c008242e                ioapic_init
 .text          0x00000000c00824dc      0xe36 build/cmos.o
                0x00000000c0082f6c                cmos_clock
                0x00000000c008312e                cmos_next
                0x00000000c008317d                cmos_set
                0x00000000c00831ac                cmos_get
                0x00000000c00831fd                cmos_init
 .text          0x00000000c0083312     0x1560 build/pci.o
                0x00000000c008377f                pci_create_device
                0x00000000c00838f6                pci_copy_default_configuration
                0x00000000c0083943                pci_get_configuration_ptr
                0x00000000c0083d9a                pci_init_mem
                0x00000000c00846ad                pci_init
                0x00000000c0084756                pci_set_irq_line
 .text          0x00000000c0084872     0x3e43 build/vga.o
                0x00000000c0086a15                vga_update
                0x00000000c008852b                vga_init
                0x00000000c00886a0                vga_get_raw_vram
 .text          0x00000000c00886b5       0x38 build/net-none.o
                0x00000000c00886b5                net_init
                0x00000000c00886c9                net_send
                0x00000000c00886dd                net_poll
 .text          0x00000000c00886ed      0x64e build/main.o
                0x00000000c0088872                main
 .text          0x00000000c0088d3b     0x27a1 build/drive.o
                0x00000000c0088d3b                drive_cancel_transfers
                0x00000000c0088d55                drive_read
                0x00000000c0088d9a                drive_prefetch
                0x00000000c0088ddc                drive_write
                0x00000000c008a807                drive_check_complete
                0x00000000c008a84a                drive_async_event_in_progress
                0x00000000c008a85f                drive_init
                0x00000000c008a9ae                drive_state
                0x00000000c008b155                drive_simple_init
                0x00000000c008b357                drive_destroy_simple
                0x00000000c008b404                drive_autodetect_type
 .text          0x00000000c008b4dc     0x152d build/ini.o
                0x00000000c008c082                parse_cfg
 .text          0x00000000c008ca09     0x19c0 build/state.o
                0x00000000c008cf0d                state_register
                0x00000000c008cfdf                state_get_mem
                0x00000000c008d054                state_get_object
                0x00000000c008d2c1                state_add_mem
                0x00000000c008d306                state_add_object
                0x00000000c008d33d                state_create_bjson_object
                0x00000000c008d3af                state_init_bjson_mem
                0x00000000c008d3f6                state_obj
                0x00000000c008d45a                state_field
                0x00000000c008d559                state_string
                0x00000000c008db48                state_file
                0x00000000c008de8d                state_read_from_file
                0x00000000c008e0dc                state_store_to_file
                0x00000000c008e31e                state_get_path_base
                0x00000000c008e333                state_mkdir
                0x00000000c008e3b4                state_is_reading
 .text          0x00000000c008e3c9     0x1277 build/pc.o
                0x00000000c008eae3                pc_set_a20
                0x00000000c008ebf7                pc_init
                0x00000000c008f4d8                pc_hlt_if_0
                0x00000000c008f4e8                pc_execute
 .text          0x00000000c008f640     0x114d build/io.o
                0x00000000c008f640                io_default_readb
                0x00000000c008f688                io_default_readw
                0x00000000c008f6d1                io_default_readd
                0x00000000c008f748                io_default_writeb
                0x00000000c008f78c                io_default_writew
                0x00000000c008f801                io_default_writed
                0x00000000c008f8ae                io_register_read
                0x00000000c008f974                io_register_write
                0x00000000c008fa3a                io_unregister_read
                0x00000000c008facd                io_unregister_write
                0x00000000c008fb60                io_register_reset
                0x00000000c008fbe5                io_trigger_reset
                0x00000000c008fc22                io_readb
                0x00000000c008fcbd                io_readw
                0x00000000c008fd36                io_readd
                0x00000000c008fdab                io_writeb
                0x00000000c008fe54                io_writew
                0x00000000c008fed2                io_writed
                0x00000000c0090122                io_register_mmio_read
                0x00000000c0090250                io_register_mmio_write
                0x00000000c009037e                io_remap_mmio_read
                0x00000000c0090434                io_handle_mmio_write
                0x00000000c00904cf                io_handle_mmio_read
                0x00000000c009059e                io_addr_mmio_read
                0x00000000c0090615                io_init
 .text          0x00000000c009078d      0x445 build/util.o
                0x00000000c00907e2                qmalloc_init
                0x00000000c0090898                qmalloc
                0x00000000c009094e                qfree
                0x00000000c00909e5                aalloc
                0x00000000c0090a5b                afree
                0x00000000c0090a9d                set_ticks_per_second
                0x00000000c0090ab6                util_state
                0x00000000c0090b00                get_now
                0x00000000c0090b2c                add_now
                0x00000000c0090b75                util_debug
                0x00000000c0090b94                util_abort
 .text          0x00000000c0090bd2      0x1c8 build/display_profan.o
                0x00000000c0090bd2                display_init
                0x00000000c0090c02                display_get_pixels
                0x00000000c0090c17                display_set_resolution
                0x00000000c0090ca5                display_sleep
                0x00000000c0090cee                display_release_mouse
                0x00000000c0090cfe                display_handle_events
                0x00000000c0090d0e                display_update
 .text          0x00000000c0090d9a      0xb3d build/bordel.o
                0x00000000c0090d9a                __udivdi3
                0x00000000c0090ea7                __divdi3
                0x00000000c0090f55                __umoddi3
                0x00000000c0090fea                __moddi3
                0x00000000c0091056                init_bordel
                0x00000000c00910c1                open
                0x00000000c00912e4                read
                0x00000000c0091444                write
                0x00000000c00915be                close
                0x00000000c009166d                lseek
                0x00000000c0091788                inflateInit_
                0x00000000c00917cb                inflate
                0x00000000c009180e                inflateEnd
                0x00000000c0091851                fstat
                0x00000000c0091894                mkdir
 *(.text.*)
 .text.__x86.get_pc_thunk.bx
                0x00000000c00918d7        0x4 build/entry.o
                0x00000000c00918d7                __x86.get_pc_thunk.bx
 .text.__x86.get_pc_thunk.ax
                0x00000000c00918db        0x4 build/eflags.o
                0x00000000c00918db                __x86.get_pc_thunk.ax
 .text.__x86.get_pc_thunk.dx
                0x00000000c00918df        0x4 build/softfloat.o
                0x00000000c00918df                __x86.get_pc_thunk.dx
 .text.__x86.get_pc_thunk.cx
                0x00000000c00918e3        0x4 build/softfloat.o
                0x00000000c00918e3                __x86.get_pc_thunk.cx
 .text.__x86.get_pc_thunk.si
                0x00000000c00918e7        0x4 build/softfloat.o
                0x00000000c00918e7                __x86.get_pc_thunk.si

.iplt           0x00000000c00918eb        0x0
 .iplt          0x00000000c00918eb        0x0 build/entry.o

.rodata         0x00000000c0091900     0x911b
 *(.rodata)
 .rodata        0x00000000c0091900      0x20c build/eflags.o
 .rodata        0x00000000c0091b0c       0x50 build/access.o
 .rodata        0x00000000c0091b5c      0x1bd build/mmu.o
 *fill*         0x00000000c0091d19        0x7 
 .rodata        0x00000000c0091d20      0x5a0 build/softfloat.o
                0x00000000c0091d20                float_all_exceptions_mask
                0x00000000c0092140                float16_default_nan
                0x00000000c0092144                float32_negative_inf
                0x00000000c0092148                float32_positive_inf
                0x00000000c009214c                float32_negative_zero
                0x00000000c0092150                float32_positive_zero
                0x00000000c0092154                float32_negative_one
                0x00000000c0092158                float32_positive_one
                0x00000000c009215c                float32_max_float
                0x00000000c0092160                float32_min_float
                0x00000000c0092164                float32_default_nan
                0x00000000c0092168                float64_negative_inf
                0x00000000c0092170                float64_positive_inf
                0x00000000c0092178                float64_negative_zero
                0x00000000c0092180                float64_positive_zero
                0x00000000c0092188                float64_negative_one
                0x00000000c0092190                float64_positive_one
                0x00000000c0092198                float64_max_float
                0x00000000c00921a0                float64_min_float
                0x00000000c00921a8                float64_default_nan
                0x00000000c00921b0                floatx80_default_nan
                0x00000000c00921bc                float128_default_nan
 .rodata        0x00000000c00922c0      0xbb8 build/decoder.o
 .rodata        0x00000000c0092e78       0x2a build/seg.o
 *fill*         0x00000000c0092ea2        0x2 
 .rodata        0x00000000c0092ea4       0x62 build/trace.o
 *fill*         0x00000000c0092f06        0x2 
 .rodata        0x00000000c0092f08      0x3a9 build/cpu.o
 *fill*         0x00000000c00932b1        0xf 
 .rodata        0x00000000c00932c0      0x52c build/fpu.o
 .rodata        0x00000000c00937ec       0x6d build/opcodes.o
 *fill*         0x00000000c0093859        0x3 
 .rodata        0x00000000c009385c      0x124 build/misc.o
 .rodata        0x00000000c0093980      0x43b build/simd.o
 *fill*         0x00000000c0093dbb        0x1 
 .rodata        0x00000000c0093dbc      0x1c0 build/ctrlflow.o
 .rodata        0x00000000c0093f7c      0x114 build/arith.o
 .rodata        0x00000000c0094090       0x12 build/string.o
 *fill*         0x00000000c00940a2        0x2 
 .rodata        0x00000000c00940a4      0x264 build/dma.o
 .rodata        0x00000000c0094308      0x5f1 build/apic.o
 *fill*         0x00000000c00948f9        0x7 
 .rodata        0x00000000c0094900      0x4c8 build/acpi.o
 .rodata        0x00000000c0094dc8     0x198e build/ide.o
 *fill*         0x00000000c0096756        0x2 
 .rodata        0x00000000c0096758      0x389 build/pic.o
 *fill*         0x00000000c0096ae1        0x3 
 .rodata        0x00000000c0096ae4      0x624 build/kbd.o
 .rodata        0x00000000c0097108      0xe90 build/fdc.o
 *fill*         0x00000000c0097f98        0x8 
 .rodata        0x00000000c0097fa0      0x52c build/pit.o
 .rodata        0x00000000c00984cc      0x1b7 build/ioapic.o
 *fill*         0x00000000c0098683        0x1 
 .rodata        0x00000000c0098684      0x170 build/cmos.o
 *fill*         0x00000000c00987f4        0xc 
 .rodata        0x00000000c0098800      0x841 build/pci.o
 *fill*         0x00000000c0099041        0x3 
 .rodata        0x00000000c0099044      0xc1e build/vga.o
 *fill*         0x00000000c0099c62        0x2 
 .rodata        0x00000000c0099c64      0x193 build/main.o
 *fill*         0x00000000c0099df7        0x1 
 .rodata        0x00000000c0099df8      0x1f3 build/drive.o
 *fill*         0x00000000c0099feb        0x1 
 .rodata        0x00000000c0099fec      0x38d build/ini.o
 *fill*         0x00000000c009a379        0x3 
 .rodata        0x00000000c009a37c      0x22d build/state.o
 *fill*         0x00000000c009a5a9        0x3 
 .rodata        0x00000000c009a5ac       0xf4 build/pc.o
 .rodata        0x00000000c009a6a0      0x2a7 build/io.o
 *fill*         0x00000000c009a947        0x1 
 .rodata        0x00000000c009a948       0x33 build/util.o
 .rodata        0x00000000c009a97b       0xa0 build/bordel.o
 *(.rodata.*)

.eh_frame       0x00000000c009aa1c     0xfd64
 .eh_frame      0x00000000c009aa1c       0x50 build/entry.o
 .eh_frame      0x00000000c009aa6c      0x248 build/eflags.o
                                        0x274 (size before relaxing)
 .eh_frame      0x00000000c009acb4      0x20c build/access.o
                                        0x238 (size before relaxing)
 .eh_frame      0x00000000c009aec0      0x100 build/mmu.o
                                        0x140 (size before relaxing)
 .eh_frame      0x00000000c009afc0       0x68 build/prot.o
                                         0x94 (size before relaxing)
 .eh_frame      0x00000000c009b028     0x2210 build/softfloat.o
                                       0x2250 (size before relaxing)
 .eh_frame      0x00000000c009d238     0x1c50 build/decoder.o
                                       0x1ca4 (size before relaxing)
 .eh_frame      0x00000000c009ee88      0x250 build/seg.o
                                        0x290 (size before relaxing)
 .eh_frame      0x00000000c009f0d8       0x94 build/trace.o
                                         0xd4 (size before relaxing)
 .eh_frame      0x00000000c009f16c       0xcc build/smc.o
                                        0x10c (size before relaxing)
 .eh_frame      0x00000000c009f238      0x2f0 build/cpu.o
                                        0x330 (size before relaxing)
 .eh_frame      0x00000000c009f528      0x7b4 build/fpu.o
                                        0x830 (size before relaxing)
 .eh_frame      0x00000000c009fcdc     0x4774 build/opcodes.o
                                       0x47c8 (size before relaxing)
 .eh_frame      0x00000000c00a4450      0x218 build/misc.o
                                        0x258 (size before relaxing)
 .eh_frame      0x00000000c00a4668      0x18c build/stack.o
                                        0x1b8 (size before relaxing)
 .eh_frame      0x00000000c00a47f4     0x1078 build/simd.o
                                       0x10cc (size before relaxing)
 .eh_frame      0x00000000c00a586c       0xfc build/cpu_io.o
                                        0x13c (size before relaxing)
 .eh_frame      0x00000000c00a5968      0x1ac build/bit.o
                                        0x1d8 (size before relaxing)
 .eh_frame      0x00000000c00a5b14      0x29c build/ctrlflow.o
                                        0x2dc (size before relaxing)
 .eh_frame      0x00000000c00a5db0      0x4dc build/arith.o
                                        0x530 (size before relaxing)
 .eh_frame      0x00000000c00a628c      0x738 build/string.o
                                        0x764 (size before relaxing)
 .eh_frame      0x00000000c00a69c4      0x1a4 build/dma.o
                                        0x1e4 (size before relaxing)
 .eh_frame      0x00000000c00a6b68      0x368 build/apic.o
                                        0x3a8 (size before relaxing)
 .eh_frame      0x00000000c00a6ed0      0x1d4 build/acpi.o
                                        0x214 (size before relaxing)
 .eh_frame      0x00000000c00a70a4      0x7e8 build/ide.o
                                        0x83c (size before relaxing)
 .eh_frame      0x00000000c00a788c      0x2d8 build/pic.o
                                        0x318 (size before relaxing)
 .eh_frame      0x00000000c00a7b64      0x290 build/kbd.o
                                        0x2e4 (size before relaxing)
 .eh_frame      0x00000000c00a7df4      0x33c build/fdc.o
                                        0x37c (size before relaxing)
 .eh_frame      0x00000000c00a8130      0x248 build/pit.o
                                        0x29c (size before relaxing)
 .eh_frame      0x00000000c00a8378      0x184 build/ioapic.o
                                        0x1c4 (size before relaxing)
 .eh_frame      0x00000000c00a84fc      0x258 build/cmos.o
                                        0x2ac (size before relaxing)
 .eh_frame      0x00000000c00a8754      0x410 build/pci.o
                                        0x464 (size before relaxing)
 .eh_frame      0x00000000c00a8b64      0x40c build/vga.o
                                        0x44c (size before relaxing)
 .eh_frame      0x00000000c00a8f70       0x60 build/net-none.o
                                         0x8c (size before relaxing)
 .eh_frame      0x00000000c00a8fd0       0x68 build/main.o
                                         0x94 (size before relaxing)
 .eh_frame      0x00000000c00a9038      0x5ac build/drive.o
                                        0x614 (size before relaxing)
 .eh_frame      0x00000000c00a95e4      0x1a0 build/ini.o
                                        0x1e0 (size before relaxing)
 .eh_frame      0x00000000c00a9784      0x4ec build/state.o
                                        0x52c (size before relaxing)
 .eh_frame      0x00000000c00a9c70      0x1e4 build/pc.o
                                        0x224 (size before relaxing)
 .eh_frame      0x00000000c00a9e54      0x448 build/io.o
                                        0x488 (size before relaxing)
 .eh_frame      0x00000000c00aa29c      0x1a8 build/util.o
                                        0x1fc (size before relaxing)
 .eh_frame      0x00000000c00aa444       0xf0 build/display_profan.o
                                        0x130 (size before relaxing)
 .eh_frame      0x00000000c00aa534      0x24c build/bordel.o
                                        0x2b4 (size before relaxing)

.rel.dyn        0x00000000c00aa780        0x0
 .rel.got       0x00000000c00aa780        0x0 build/entry.o
 .rel.iplt      0x00000000c00aa780        0x0 build/entry.o

.data           0x00000000c00aa780     0x1048
 *(.data)
 .data          0x00000000c00aa780        0x0 build/entry.o
 .data          0x00000000c00aa780        0x0 build/eflags.o
 .data          0x00000000c00aa780        0x0 build/access.o
 .data          0x00000000c00aa780        0x0 build/mmu.o
 .data          0x00000000c00aa780        0x0 build/prot.o
 .data          0x00000000c00aa780      0x3d0 build/softfloat.o
 *fill*         0x00000000c00aab50       0x10 
 .data          0x00000000c00aab60      0x120 build/decoder.o
 .data          0x00000000c00aac80        0x0 build/seg.o
 .data          0x00000000c00aac80        0x0 build/trace.o
 .data          0x00000000c00aac80        0x0 build/smc.o
 .data          0x00000000c00aac80        0x0 build/cpu.o
 .data          0x00000000c00aac80        0x0 build/fpu.o
 .data          0x00000000c00aac80        0x0 build/opcodes.o
 .data          0x00000000c00aac80        0x0 build/misc.o
 .data          0x00000000c00aac80        0x0 build/stack.o
 .data          0x00000000c00aac80        0x0 build/simd.o
 .data          0x00000000c00aac80        0x0 build/cpu_io.o
 .data          0x00000000c00aac80        0x0 build/bit.o
 .data          0x00000000c00aac80        0x4 build/ctrlflow.o
 .data          0x00000000c00aac84        0x0 build/arith.o
 .data          0x00000000c00aac84        0x0 build/string.o
 *fill*         0x00000000c00aac84       0x1c 
 .data          0x00000000c00aaca0       0x40 build/dma.o
 .data          0x00000000c00aace0        0x0 build/apic.o
 .data          0x00000000c00aace0        0x0 build/acpi.o
 .data          0x00000000c00aace0        0x0 build/ide.o
 .data          0x00000000c00aace0        0x0 build/pic.o
 .data          0x00000000c00aace0        0x0 build/kbd.o
 .data          0x00000000c00aace0        0x0 build/fdc.o
 .data          0x00000000c00aace0        0x0 build/pit.o
 .data          0x00000000c00aace0        0x0 build/ioapic.o
 .data          0x00000000c00aace0        0x0 build/cmos.o
 .data          0x00000000c00aace0        0x0 build/pci.o
 .data          0x00000000c00aace0       0x64 build/vga.o
 .data          0x00000000c00aad44        0x0 build/net-none.o
 .data          0x00000000c00aad44        0x0 build/main.o
 .data          0x00000000c00aad44        0x0 build/drive.o
 .data          0x00000000c00aad44        0x0 build/ini.o
 .data          0x00000000c00aad44        0x0 build/state.o
 .data          0x00000000c00aad44        0x4 build/pc.o
 .data          0x00000000c00aad48        0x0 build/io.o
 .data          0x00000000c00aad48        0x4 build/util.o
                0x00000000c00aad48                ticks_per_second
 .data          0x00000000c00aad4c        0x0 build/display_profan.o
 .data          0x00000000c00aad4c        0x0 build/bordel.o
 *(.data.*)
 *fill*         0x00000000c00aad4c       0x14 
 .data.rel.ro.local
                0x00000000c00aad60      0x800 build/decoder.o
 .data.rel.ro   0x00000000c00ab560       0xe0 build/decoder.o
 .data.rel      0x00000000c00ab640       0x10 build/trace.o
 *fill*         0x00000000c00ab650       0x10 
 .data.rel.local
                0x00000000c00ab660       0x20 build/fpu.o
 .data.rel.local
                0x00000000c00ab680        0x4 build/misc.o
 *fill*         0x00000000c00ab684       0x1c 
 .data.rel.ro.local
                0x00000000c00ab6a0       0x50 build/main.o
 *fill*         0x00000000c00ab6f0       0x10 
 .data.rel.ro.local
                0x00000000c00ab700       0xc8 build/ini.o

.got            0x00000000c00ab7c8        0x0
 .got           0x00000000c00ab7c8        0x0 build/entry.o

.got.plt        0x00000000c00ab7c8        0xc
 .got.plt       0x00000000c00ab7c8        0xc build/entry.o
                0x00000000c00ab7c8                _GLOBAL_OFFSET_TABLE_

.igot.plt       0x00000000c00ab7d4        0x0
 .igot.plt      0x00000000c00ab7d4        0x0 build/entry.o

.bss            0x00000000c00ab7e0     0xa3a0
 *(.bss)
 .bss           0x00000000c00ab7e0        0x0 build/entry.o
 .bss           0x00000000c00ab7e0        0x0 build/eflags.o
 .bss           0x00000000c00ab7e0        0x0 build/access.o
 .bss           0x00000000c00ab7e0        0x0 build/mmu.o
 .bss           0x00000000c00ab7e0        0x0 build/prot.o
 .bss           0x00000000c00ab7e0        0x0 build/softfloat.o
 .bss           0x00000000c00ab7e0       0x1c build/decoder.o
 .bss           0x00000000c00ab7fc        0x0 build/seg.o
 .bss           0x00000000c00ab7fc        0x0 build/trace.o
 .bss           0x00000000c00ab7fc        0x0 build/smc.o
 .bss           0x00000000c00ab7fc        0x4 build/cpu.o
                0x00000000c00ab7fc                cpu
 .bss           0x00000000c00ab800       0xa4 build/fpu.o
                0x00000000c00ab800                fpu
 .bss           0x00000000c00ab8a4        0x4 build/opcodes.o
 .bss           0x00000000c00ab8a8        0x4 build/misc.o
 .bss           0x00000000c00ab8ac        0x0 build/stack.o
 *fill*         0x00000000c00ab8ac       0x14 
 .bss           0x00000000c00ab8c0       0x50 build/simd.o
                0x00000000c00ab8c0                temp
 .bss           0x00000000c00ab910        0x0 build/cpu_io.o
 .bss           0x00000000c00ab910        0x0 build/bit.o
 .bss           0x00000000c00ab910       0x1c build/ctrlflow.o
                0x00000000c00ab910                stack_info
 .bss           0x00000000c00ab92c        0x0 build/arith.o
 .bss           0x00000000c00ab92c        0x0 build/string.o
 *fill*         0x00000000c00ab92c       0x14 
 .bss           0x00000000c00ab940       0x74 build/dma.o
 *fill*         0x00000000c00ab9b4        0xc 
 .bss           0x00000000c00ab9c0       0xd0 build/apic.o
 *fill*         0x00000000c00aba90       0x10 
 .bss           0x00000000c00abaa0       0x20 build/acpi.o
                0x00000000c00abaa0                acpi
 .bss           0x00000000c00abac0     0x41a0 build/ide.o
 .bss           0x00000000c00afc60       0x34 build/pic.o
                0x00000000c00afc60                pic
 *fill*         0x00000000c00afc94        0xc 
 .bss           0x00000000c00afca0      0x2b8 build/kbd.o
                0x00000000c00afca0                kbd
 *fill*         0x00000000c00aff58        0x8 
 .bss           0x00000000c00aff60     0x40e8 build/fdc.o
                0x00000000c00aff60                fdc
 *fill*         0x00000000c00b4048       0x18 
 .bss           0x00000000c00b4060       0xe4 build/pit.o
 *fill*         0x00000000c00b4144       0x1c 
 .bss           0x00000000c00b4160       0xe0 build/ioapic.o
 .bss           0x00000000c00b4240       0xb0 build/cmos.o
 *fill*         0x00000000c00b42f0       0x10 
 .bss           0x00000000c00b4300      0x81c build/pci.o
 *fill*         0x00000000c00b4b1c        0x4 
 .bss           0x00000000c00b4b20      0xae0 build/vga.o
 .bss           0x00000000c00b5600        0x0 build/net-none.o
 .bss           0x00000000c00b5600      0x1d8 build/main.o
 .bss           0x00000000c00b57d8        0xc build/drive.o
 .bss           0x00000000c00b57e4        0x0 build/ini.o
 *fill*         0x00000000c00b57e4       0x1c 
 .bss           0x00000000c00b5800       0x50 build/state.o
 *fill*         0x00000000c00b5850       0x10 
 .bss           0x00000000c00b5860      0x104 build/pc.o
                0x00000000c00b5860                p61_data
 *fill*         0x00000000c00b5964       0x1c 
 .bss           0x00000000c00b5980      0x1cc build/io.o
 *fill*         0x00000000c00b5b4c        0x4 
 .bss           0x00000000c00b5b50       0x20 build/util.o
 .bss           0x00000000c00b5b70        0xc build/display_profan.o
                0x00000000c00b5b70                x
                0x00000000c00b5b74                y
                0x00000000c00b5b78                screen
 .bss           0x00000000c00b5b7c        0x4 build/bordel.o
                0x00000000c00b5b7c                open_files
 *(.bss.*)
LOAD build/entry.o
LOAD build/eflags.o
LOAD build/access.o
LOAD build/mmu.o
LOAD build/prot.o
LOAD build/softfloat.o
LOAD build/decoder.o
LOAD build/seg.o
LOAD build/trace.o
LOAD build/smc.o
LOAD build/cpu.o
LOAD build/fpu.o
LOAD build/opcodes.o
LOAD build/misc.o
LOAD build/stack.o
LOAD build/simd.o
LOAD build/cpu_io.o
LOAD build/bit.o
LOAD build/ctrlflow.o
LOAD build/arith.o
LOAD build/string.o
LOAD build/dma.o
LOAD build/apic.o
LOAD build/acpi.o
LOAD build/ide.o
LOAD build/pic.o
LOAD build/kbd.o
LOAD build/fdc.o
LOAD build/pit.o
LOAD build/ioapic.o
LOAD build/cmos.o
LOAD build/pci.o
LOAD build/vga.o
LOAD build/net-none.o
LOAD build/main.o
LOAD build/drive.o
LOAD build/ini.o
LOAD build/state.o
LOAD build/pc.o
LOAD build/io.o
LOAD build/util.o
LOAD build/display_profan.o
LOAD build/bordel.o
OUTPUT(halfix.pe elf32-i386)

.comment        0x0000000000000000       0x2b
 .comment       0x0000000000000000       0x2b build/entry.o
                                         0x2c (size before relaxing)
 .comment       0x000000000000002b       0x2c build/eflags.o
 .comment       0x000000000000002b       0x2c build/access.o
 .comment       0x000000000000002b       0x2c build/mmu.o
 .comment       0x000000000000002b       0x2c build/prot.o
 .comment       0x000000000000002b       0x2c build/softfloat.o
 .comment       0x000000000000002b       0x2c build/decoder.o
 .comment       0x000000000000002b       0x2c build/seg.o
 .comment       0x000000000000002b       0x2c build/trace.o
 .comment       0x000000000000002b       0x2c build/smc.o
 .comment       0x000000000000002b       0x2c build/cpu.o
 .comment       0x000000000000002b       0x2c build/fpu.o
 .comment       0x000000000000002b       0x2c build/opcodes.o
 .comment       0x000000000000002b       0x2c build/misc.o
 .comment       0x000000000000002b       0x2c build/stack.o
 .comment       0x000000000000002b       0x2c build/simd.o
 .comment       0x000000000000002b       0x2c build/cpu_io.o
 .comment       0x000000000000002b       0x2c build/bit.o
 .comment       0x000000000000002b       0x2c build/ctrlflow.o
 .comment       0x000000000000002b       0x2c build/arith.o
 .comment       0x000000000000002b       0x2c build/string.o
 .comment       0x000000000000002b       0x2c build/dma.o
 .comment       0x000000000000002b       0x2c build/apic.o
 .comment       0x000000000000002b       0x2c build/acpi.o
 .comment       0x000000000000002b       0x2c build/ide.o
 .comment       0x000000000000002b       0x2c build/pic.o
 .comment       0x000000000000002b       0x2c build/kbd.o
 .comment       0x000000000000002b       0x2c build/fdc.o
 .comment       0x000000000000002b       0x2c build/pit.o
 .comment       0x000000000000002b       0x2c build/ioapic.o
 .comment       0x000000000000002b       0x2c build/cmos.o
 .comment       0x000000000000002b       0x2c build/pci.o
 .comment       0x000000000000002b       0x2c build/vga.o
 .comment       0x000000000000002b       0x2c build/net-none.o
 .comment       0x000000000000002b       0x2c build/main.o
 .comment       0x000000000000002b       0x2c build/drive.o
 .comment       0x000000000000002b       0x2c build/ini.o
 .comment       0x000000000000002b       0x2c build/state.o
 .comment       0x000000000000002b       0x2c build/pc.o
 .comment       0x000000000000002b       0x2c build/io.o
 .comment       0x000000000000002b       0x2c build/util.o
 .comment       0x000000000000002b       0x2c build/display_profan.o
 .comment       0x000000000000002b       0x2c build/bordel.o

.note.GNU-stack
                0x0000000000000000        0x0
 .note.GNU-stack
                0x0000000000000000        0x0 build/entry.o
 .note.GNU-stack
                0x0000000000000000        0x0 build/eflags.o
 .note.GNU-stack
                0x0000000000000000        0x0 build/access.o
 .note.GNU-stack
                0x0000000000000000        0x0 build/mmu.o
 .note.GNU-stack
                0x0000000000000000        0x0 build/prot.o
 .note.GNU-stack
                0x0000000000000000        0x0 build/softfloat.o
 .note.GNU-stack
                0x0000000000000000        0x0 build/decoder.o
 .note.GNU-stack
                0x0000000000000000        0x0 build/seg.o
 .note.GNU-stack
                0x0000000000000000        0x0 build/trace.o
 .note.GNU-stack
                0x0000000000000000        0x0 build/smc.o
 .note.GNU-stack
                0x0000000000000000        0x0 build/cpu.o
 .note.GNU-stack
                0x0000000000000000        0x0 build/fpu.o
 .note.GNU-stack
                0x0000000000000000        0x0 build/opcodes.o
 .note.GNU-stack
                0x0000000000000000        0x0 build/misc.o
 .note.GNU-stack
                0x0000000000000000        0x0 build/stack.o
 .note.GNU-stack
                0x0000000000000000        0x0 build/simd.o
 .note.GNU-stack
                0x0000000000000000        0x0 build/cpu_io.o
 .note.GNU-stack
                0x0000000000000000        0x0 build/bit.o
 .note.GNU-stack
                0x0000000000000000        0x0 build/ctrlflow.o
 .note.GNU-stack
                0x0000000000000000        0x0 build/arith.o
 .note.GNU-stack
                0x0000000000000000        0x0 build/string.o
 .note.GNU-stack
                0x0000000000000000        0x0 build/dma.o
 .note.GNU-stack
                0x0000000000000000        0x0 build/apic.o
 .note.GNU-stack
                0x0000000000000000        0x0 build/acpi.o
 .note.GNU-stack
                0x0000000000000000        0x0 build/ide.o
 .note.GNU-stack
                0x0000000000000000        0x0 build/pic.o
 .note.GNU-stack
                0x0000000000000000        0x0 build/kbd.o
 .note.GNU-stack
                0x0000000000000000        0x0 build/fdc.o
 .note.GNU-stack
                0x0000000000000000        0x0 build/pit.o
 .note.GNU-stack
                0x0000000000000000        0x0 build/ioapic.o
 .note.GNU-stack
                0x0000000000000000        0x0 build/cmos.o
 .note.GNU-stack
                0x0000000000000000        0x0 build/pci.o
 .note.GNU-stack
                0x0000000000000000        0x0 build/vga.o
 .note.GNU-stack
                0x0000000000000000        0x0 build/net-none.o
 .note.GNU-stack
                0x0000000000000000        0x0 build/main.o
 .note.GNU-stack
                0x0000000000000000        0x0 build/drive.o
 .note.GNU-stack
                0x0000000000000000        0x0 build/ini.o
 .note.GNU-stack
                0x0000000000000000        0x0 build/state.o
 .note.GNU-stack
                0x0000000000000000        0x0 build/pc.o
 .note.GNU-stack
                0x0000000000000000        0x0 build/io.o
 .note.GNU-stack
                0x0000000000000000        0x0 build/util.o
 .note.GNU-stack
                0x0000000000000000        0x0 build/display_profan.o
 .note.GNU-stack
                0x0000000000000000        0x0 build/bordel.o
